// Jest Snapshot v1, https://goo.gl/fbAQLP

exports[`Pruebas de Gif App Hacer match con el component 1`] = `
<div
  className="card animate__animated animate__fadeIn"
>
  <img
    alt="Título"
    src="http://localhost.com"
  />
  <p>
    Título
  </p>
</div>
`;
